// Jest Snapshot v1, https://goo.gl/fbAQLP

exports[`<Footer /> renders Footer correctly 1`] = `
<div
  class="sc-bwzfXH kFjJta"
>
  <div
    class="sc-bdVaJa eFJsIk"
  >
    <div>
      Los Angeles
    </div>
    <div>
      New York
    </div>
    <div>
      Maimi
    </div>
  </div>
</div>
`;
